[tathva.org/index.html]
[backblue.gif]
[fade.gif]
[index.html]
[tathva.org/img/logo.png]
[tathva.org/css/main.min.css]
[tathva.org/img/loading6_animated (1).svg]
[tathva.org/events/index.html]
[tathva.org/index.html]
[tathva.org/js/main.min.js]
[tathva.org/workshops/index.html]
[tathva.org/about/index.html]
[tathva.org/contact/index.html]
[tathva.org/css/main.min.css]
[tathva.org/launch/index.html]
[tathva.org/img/loading6_animated (1).svg]
[tathva.org/events/index.css]
[tathva.org/events/slider.css]
[tathva.org/events/alert.css]
[tathva.org/events/loading.css]
[tathva.org/events/anime.min.js]
[tathva.org/events/vendors.js]
[tathva.org/events/index.js]
[tathva.org/events/pieces.min.js]
[tathva.org/events/main.js]
[tathva.org/events/index.html]
[tathva.org/workshops/css/main.css]
[tathva.org/workshops/css/card.css]
[tathva.org/workshops/css/pattern.css]
[tathva.org/workshops/css/nav.css]
[tathva.org/workshops/index.css]
[tathva.org/workshops/img/rsz_mitsubishi.jpg]
[tathva.org/workshops/img/rsz_green.jpg]
[tathva.org/workshops/js/mine.js]
[tathva.org/workshops/vendors.js]
[tathva.org/workshops/js/trianglify.min.js]
[tathva.org/workshops/index.js]
[tathva.org/workshops/js/TweenMax.min.js]
[tathva.org/workshops/js/ScrollToPlugin.min.js]
[tathva.org/workshops/js/cash.min.js]
[tathva.org/workshops/js/Card-polygon.js]
[tathva.org/workshops/index.html]
[tathva.org/workshops/js/main.js]
[tathva.org/contact/index.css]
[tathva.org/contact/slider.css]
[tathva.org/contact/contacts.css]
[tathva.org/contact/loading.css]
[use.fontawesome.com/releases/v5.6.3/css/all.css]
[daneden.github.io/animate.css/animate.min.css]
[tathva.org/contact/anime.min.js]
[tathva.org/contact/index.html]
[tathva.org/contact/index.js]
[tathva.org/contact/vendors.js]
[tathva.org/about/style.css]
[tathva.org/about/nav.css]
[code.jquery.com/jquery-2.2.4.min.js]
[tathva.org/about/script.js]
[tathva.org/about/index.html]
[tathva.org/launch/style.css]
[tathva.org/launch/nav.css]
[tathva.org/launch/photos/INAUG_1.jpg]
[tathva.org/launch/photos/INAUG_2.jpg]
[tathva.org/launch/photos/INAUG_3.jpg]
[tathva.org/launch/photos/INAUG_4.jpg]
[tathva.org/launch/photos/INAUG_5.jpg]
[tathva.org/launch/photos/INAUG_6.jpg]
[tathva.org/launch/photos/INAUG_7.jpg]
[tathva.org/launch/script.js]
[tathva.org/launch/index.html]
[tathva.org/events/index.css]
[tathva.org/events/slider.css]
[tathva.org/events/alert.css]
[tathva.org/events/loading.css]
[tathva.org/workshops/css/main.css]
[tathva.org/workshops/css/card.css]
[tathva.org/workshops/css/pattern.css]
[tathva.org/workshops/css/nav.css]
[tathva.org/workshops/index.css]
[tathva.org/contact/index.css]
[tathva.org/contact/slider.css]
[tathva.org/contact/contacts.css]
[tathva.org/contact/loading.css]
[use.fontawesome.com/releases/v5.6.3/css/all.css]
[daneden.github.io/animate.css/animate.min.css]
[tathva.org/about/photos/bg.jpg]
[tathva.org/about/style.css]
[tathva.org/about/nav.css]
[tathva.org/launch/photos/bg.jpg]
[tathva.org/launch/style.css]
[tathva.org/launch/nav.css]
